// Jest Snapshot v1, https://goo.gl/fbAQLP

exports[`Should hoc render without error 1`] = `
<p>
  hello
</p>
`;
